# Deleted Thin Chinese Articles Report
# Date: 2026-06-23
# Directory: content/blog/zh/
# Criteria: All files under 500 words (THIN STUBS - near-zero SEO value)
# Total deleted: 54 files

WORD_COUNT	FILENAME
235	2026-fire-horse-bazi-fortune-predictions-every-day-master.md
166	2026-fire-horse-bazi-yearly-forecast.md
302	ai-destiny-reading-vs-traditional-bazi-master-comparison.md
419	bazi-10-gods-shi-shen-complete-guide.md
309	bazi-birth-hour-personality-guide-12-double-hours.md
129	bazi-career-guide-how-to-read-your-chart.md
253	bazi-career-guide-ideal-career-path.md
400	bazi-chinese-zodiac-combination-destiny-chart.md
463	bazi-element-deficiency-how-to-find-and-fix-missing-elements.md
339	bazi-feng-shui-direction-guide-best-direction.md
246	bazi-feng-shui-direction-guide-which-direction-to-live.md
351	bazi-health-body-constitution-chinese-medicine.md
316	bazi-health-body-constitution-five-elements.md
189	bazi-health-wellness-by-element-type.md
321	bazi-life-cycle-major-luck-pillars.md
201	bazi-life-cycles-fortune-periods-guide.md
207	bazi-love-compatibility-four-pillars-match.md
184	bazi-love-compatibility-guide.md
349	bazi-marriage-love-destiny-spouse-palace.md
207	bazi-marriage-spouse-palace-relationship-destiny.md
238	bazi-missing-elements-deficiency-fix-guide.md
171	bazi-nobleman-stars-activate-guide.md
114	bazi-resource-guide-tools-books-communities.md
222	bazi-strong-weak-day-master-favorable-element-guide.md
94	bazi-students-major-career-path-guide.md
202	bazi-vs-western-astrology-key-differences-7.md
373	bazi-vs-western-astrology-key-differences-you-should-know.md
352	bazi-wealth-element-how-to-find-your-money-star.md
281	bazi-wealth-money-star-element-guide.md
133	bazi-western-astrology-which-is-right.md
299	best-exercise-for-your-five-elements-type.md
460	chinese-astrology-career-timing-job-change.md
362	chinese-marriage-date-selection-择日-auspicious-wedding-day-guide.md
393	chinese-name-analysis-five-elements-bazi.md
396	chinese-numerology-lucky-numbers-bazi.md
110	chinese-zodiac-vs-bazi-comparison.md
398	chinese-zodiac-yearly-fortune-2026-rat-ox-tiger-rabbit-dragon-snake-horse-goat-monkey-rooster-dog-pig.md
235	daily-lucky-colors-for-your-bazi-chart.md
240	daily-yi-ji-chinese-almanac-what-to-do-today.md
218	day-master-bazi-10-types-explained.md
356	feng-shui-front-door-entrance-energy-wealth-flow-guide.md
334	five-elements-bazi-wood-fire-earth-metal-water.md
371	how-to-calculate-your-bazi-chart-step-by-step-guide.md
238	how-to-read-bazi-chart-beginners-guide.md
303	how-to-read-bazi-chart-day-master-five-elements.md
605	luoshu-flying-stars-feng-shui-2026-annual-energy-map.md
366	palmistry-meets-bazi-combine-destiny-reading.md
343	the-five-elements-in-bazi-wood-fire-earth-metal-water-explained.md
344	true-solar-time-bazi-birth-location-correction.md
299	true-solar-time-chinese-astrology-birth-location.md
338	understanding-your-day-master-the-key-to-reading-bazi.md
327	what-is-bazi-beginners-guide.md
289	what-is-bazi-four-pillars-of-destiny-guide.md
421	ziwei-doushu-beginners-guide-144-stars.md

## Summary
- Total files deleted: 54
- Word count range: 94 - 605 words (ALL under 500-word threshold)
- Average word count: ~273 words
- Largest file: luoshu-flying-stars-feng-shui-2026-annual-energy-map.md (605 words)
- Smallest file: bazi-students-major-career-path-guide.md (94 words)
- All files classified as thin stubs — near-zero SEO value, likely machine-translated and truncated
- No English articles affected. No app/blog/ files affected.
